../Drivers/CMSIS/Include/core_cm7.h:2606:26:ITM_SendChar	4
../Drivers/STM32F7xx_HAL_Driver/Inc/stm32f7xx_ll_usart.h:553:22:LL_USART_Enable	1
../Drivers/STM32F7xx_HAL_Driver/Inc/stm32f7xx_ll_usart.h:2313:22:LL_USART_ConfigAsyncMode	1
../Drivers/STM32F7xx_HAL_Driver/Inc/stm32f7xx_ll_usart.h:2655:26:LL_USART_IsActiveFlag_TXE	2
../Drivers/STM32F7xx_HAL_Driver/Inc/stm32f7xx_ll_usart.h:2816:26:LL_USART_IsActiveFlag_TEACK	2
../Drivers/STM32F7xx_HAL_Driver/Inc/stm32f7xx_ll_usart.h:2828:26:LL_USART_IsActiveFlag_REACK	2
../Drivers/STM32F7xx_HAL_Driver/Inc/stm32f7xx_ll_usart.h:3031:22:LL_USART_EnableIT_RXNE	2
../Drivers/STM32F7xx_HAL_Driver/Inc/stm32f7xx_ll_usart.h:3127:22:LL_USART_EnableIT_ERROR	2
../Drivers/STM32F7xx_HAL_Driver/Inc/stm32f7xx_ll_usart.h:3674:22:LL_USART_TransmitData8	1
../Drivers/STM32F7xx_HAL_Driver/Inc/stm32f7xx_ll_bus.h:309:22:LL_AHB1_GRP1_EnableClock	1
../Drivers/STM32F7xx_HAL_Driver/Inc/stm32f7xx_ll_bus.h:1071:22:LL_APB1_GRP1_EnableClock	1
../Core/Inc/bno055_stm32.h:21:6:bno055_assignI2C	1
../Core/Inc/bno055_stm32.h:26:6:bno055_delay	1
../Core/Inc/bno055_stm32.h:34:6:bno055_writeData	23
../Core/Inc/bno055_stm32.h:100:6:bno055_readData	1
../Core/Src/main.c:130:5:main	9
../Core/Src/main.c:249:6:SystemClock_Config	4
../Core/Src/main.c:307:13:MX_ETH_Init	2
../Core/Src/main.c:356:13:MX_I2C1_Init	4
../Core/Src/main.c:404:13:MX_I2C2_Init	4
../Core/Src/main.c:452:13:MX_USART3_UART_Init	2
../Core/Src/main.c:521:13:MX_USB_OTG_FS_PCD_Init	2
../Core/Src/main.c:554:13:MX_DMA_Init	1
../Core/Src/main.c:581:13:MX_GPIO_Init	1
../Core/Src/main.c:634:5:_write	2
../Core/Src/main.c:651:6:Error_Handler	1
