../Drivers/CMSIS/Include/core_cm7.h:1865:22:__NVIC_SetPriorityGrouping	1
../Drivers/CMSIS/Include/core_cm7.h:1884:26:__NVIC_GetPriorityGrouping	1
../Drivers/CMSIS/Include/core_cm7.h:1896:22:__NVIC_EnableIRQ	2
../Drivers/CMSIS/Include/core_cm7.h:1932:22:__NVIC_DisableIRQ	2
../Drivers/CMSIS/Include/core_cm7.h:2024:22:__NVIC_SetPriority	2
../Drivers/CMSIS/Include/core_cm7.h:2071:26:NVIC_EncodePriority	2
../Drivers/CMSIS/Include/core_cm7.h:2606:26:ITM_SendChar	4
../Drivers/STM32F7xx_HAL_Driver/Inc/stm32f7xx_ll_dma.h:598:22:LL_DMA_SetDataTransferDirection	1
../Drivers/STM32F7xx_HAL_Driver/Inc/stm32f7xx_ll_dma.h:646:22:LL_DMA_SetMode	1
../Drivers/STM32F7xx_HAL_Driver/Inc/stm32f7xx_ll_dma.h:693:22:LL_DMA_SetPeriphIncMode	1
../Drivers/STM32F7xx_HAL_Driver/Inc/stm32f7xx_ll_dma.h:738:22:LL_DMA_SetMemoryIncMode	1
../Drivers/STM32F7xx_HAL_Driver/Inc/stm32f7xx_ll_dma.h:784:22:LL_DMA_SetPeriphSize	1
../Drivers/STM32F7xx_HAL_Driver/Inc/stm32f7xx_ll_dma.h:831:22:LL_DMA_SetMemorySize	1
../Drivers/STM32F7xx_HAL_Driver/Inc/stm32f7xx_ll_dma.h:924:22:LL_DMA_SetStreamPriorityLevel	1
../Drivers/STM32F7xx_HAL_Driver/Inc/stm32f7xx_ll_dma.h:1032:22:LL_DMA_SetChannelSelection	1
../Drivers/STM32F7xx_HAL_Driver/Inc/stm32f7xx_ll_dma.h:1299:22:LL_DMA_DisableFifoMode	1
../Drivers/STM32F7xx_HAL_Driver/Inc/stm32f7xx_ll_i2c.h:644:22:LL_I2C_EnableClockStretching	1
../Drivers/STM32F7xx_HAL_Driver/Inc/stm32f7xx_ll_i2c.h:724:22:LL_I2C_DisableGeneralCall	1
../Drivers/STM32F7xx_HAL_Driver/Inc/stm32f7xx_ll_i2c.h:835:22:LL_I2C_SetOwnAddress2	1
../Drivers/STM32F7xx_HAL_Driver/Inc/stm32f7xx_ll_i2c.h:857:22:LL_I2C_DisableOwnAddress2	1
../Drivers/STM32F7xx_HAL_Driver/Inc/stm32f7xx_ll_i2c.h:1839:22:LL_I2C_EnableAutoEndMode	1
../Drivers/STM32F7xx_HAL_Driver/Inc/stm32f7xx_ll_rcc.h:1952:22:LL_RCC_HSE_EnableBypass	1
../Drivers/STM32F7xx_HAL_Driver/Inc/stm32f7xx_ll_rcc.h:1972:22:LL_RCC_HSE_Enable	1
../Drivers/STM32F7xx_HAL_Driver/Inc/stm32f7xx_ll_rcc.h:1992:26:LL_RCC_HSE_IsReady	1
../Drivers/STM32F7xx_HAL_Driver/Inc/stm32f7xx_ll_rcc.h:2214:22:LL_RCC_SetSysClkSource	1
../Drivers/STM32F7xx_HAL_Driver/Inc/stm32f7xx_ll_rcc.h:2227:26:LL_RCC_GetSysClkSource	1
../Drivers/STM32F7xx_HAL_Driver/Inc/stm32f7xx_ll_rcc.h:2247:22:LL_RCC_SetAHBPrescaler	1
../Drivers/STM32F7xx_HAL_Driver/Inc/stm32f7xx_ll_rcc.h:2263:22:LL_RCC_SetAPB1Prescaler	1
../Drivers/STM32F7xx_HAL_Driver/Inc/stm32f7xx_ll_rcc.h:2279:22:LL_RCC_SetAPB2Prescaler	1
../Drivers/STM32F7xx_HAL_Driver/Inc/stm32f7xx_ll_rcc.h:2407:22:LL_RCC_SetUSARTClockSource	1
../Drivers/STM32F7xx_HAL_Driver/Inc/stm32f7xx_ll_rcc.h:2465:22:LL_RCC_SetI2CClockSource	1
../Drivers/STM32F7xx_HAL_Driver/Inc/stm32f7xx_ll_rcc.h:3102:22:LL_RCC_SetTIMPrescaler	1
../Drivers/STM32F7xx_HAL_Driver/Inc/stm32f7xx_ll_rcc.h:3132:22:LL_RCC_PLL_Enable	1
../Drivers/STM32F7xx_HAL_Driver/Inc/stm32f7xx_ll_rcc.h:3153:26:LL_RCC_PLL_IsReady	1
../Drivers/STM32F7xx_HAL_Driver/Inc/stm32f7xx_ll_rcc.h:3241:22:LL_RCC_PLL_ConfigDomain_SYS	1
../Drivers/STM32F7xx_HAL_Driver/Inc/stm32f7xx_ll_bus.h:309:22:LL_AHB1_GRP1_EnableClock	1
../Drivers/STM32F7xx_HAL_Driver/Inc/stm32f7xx_ll_bus.h:1071:22:LL_APB1_GRP1_EnableClock	1
../Drivers/STM32F7xx_HAL_Driver/Inc/stm32f7xx_ll_system.h:513:22:LL_SYSCFG_SetEXTISource	1
../Drivers/STM32F7xx_HAL_Driver/Inc/stm32f7xx_ll_system.h:891:22:LL_FLASH_SetLatency	1
../Drivers/STM32F7xx_HAL_Driver/Inc/stm32f7xx_ll_system.h:917:26:LL_FLASH_GetLatency	1
../Drivers/STM32F7xx_HAL_Driver/Inc/stm32f7xx_ll_pwr.h:263:22:LL_PWR_EnableOverDriveMode	1
../Drivers/STM32F7xx_HAL_Driver/Inc/stm32f7xx_ll_pwr.h:297:22:LL_PWR_SetRegulVoltageScaling	1
../Drivers/STM32F7xx_HAL_Driver/Inc/stm32f7xx_ll_pwr.h:868:26:LL_PWR_IsActiveFlag_VOS	1
../Drivers/STM32F7xx_HAL_Driver/Inc/stm32f7xx_ll_usart.h:553:22:LL_USART_Enable	1
../Drivers/STM32F7xx_HAL_Driver/Inc/stm32f7xx_ll_usart.h:2313:22:LL_USART_ConfigAsyncMode	1
../Drivers/STM32F7xx_HAL_Driver/Inc/stm32f7xx_ll_usart.h:2816:26:LL_USART_IsActiveFlag_TEACK	2
../Drivers/STM32F7xx_HAL_Driver/Inc/stm32f7xx_ll_usart.h:2828:26:LL_USART_IsActiveFlag_REACK	2
../Drivers/STM32F7xx_HAL_Driver/Inc/stm32f7xx_ll_usart.h:3031:22:LL_USART_EnableIT_RXNE	2
../Drivers/STM32F7xx_HAL_Driver/Inc/stm32f7xx_ll_usart.h:3042:22:LL_USART_EnableIT_TC	2
../Drivers/STM32F7xx_HAL_Driver/Inc/stm32f7xx_ll_usart.h:3053:22:LL_USART_EnableIT_TXE	2
../Drivers/STM32F7xx_HAL_Driver/Inc/stm32f7xx_ll_usart.h:3127:22:LL_USART_EnableIT_ERROR	2
../Drivers/STM32F7xx_HAL_Driver/Inc/stm32f7xx_ll_usart.h:3206:22:LL_USART_DisableIT_TC	2
../Drivers/STM32F7xx_HAL_Driver/Inc/stm32f7xx_ll_usart.h:3217:22:LL_USART_DisableIT_TXE	2
../Drivers/STM32F7xx_HAL_Driver/Inc/stm32f7xx_ll_usart.h:3674:22:LL_USART_TransmitData8	1
../Drivers/STM32F7xx_HAL_Driver/Inc/stm32f7xx_ll_gpio.h:273:22:LL_GPIO_SetPinMode	1
../Drivers/STM32F7xx_HAL_Driver/Inc/stm32f7xx_ll_gpio.h:484:22:LL_GPIO_SetPinPull	1
../Drivers/STM32F7xx_HAL_Driver/Inc/stm32f7xx_ll_gpio.h:881:22:LL_GPIO_SetOutputPin	1
../Drivers/STM32F7xx_HAL_Driver/Inc/stm32f7xx_ll_gpio.h:910:22:LL_GPIO_ResetOutputPin	1
../Drivers/STM32F7xx_HAL_Driver/Inc/stm32f7xx_ll_gpio.h:939:22:LL_GPIO_TogglePin	1
../Core/Inc/bno055_stm32.h:20:6:bno055_assignI2C	1
../Core/Inc/bno055_stm32.h:24:6:bno055_delay	1
../Core/Inc/bno055_stm32.h:32:6:bno055_writeData	23
../Core/Inc/bno055_stm32.h:96:6:bno055_readData	1
../Core/Src/main.c:119:5:main	3
../Core/Src/main.c:225:6:SystemClock_Config	7
../Core/Src/main.c:279:13:MX_ETH_Init	2
../Core/Src/main.c:328:13:MX_I2C1_Init	1
../Core/Src/main.c:435:13:MX_USART3_UART_Init	1
../Core/Src/main.c:498:13:MX_DMA_Init	1
../Core/Src/main.c:520:13:MX_GPIO_Init	1
../Core/Src/main.c:659:5:_write	2
../Core/Src/main.c:680:6:LED_On	1
../Core/Src/main.c:691:6:LED_Off	1
../Core/Src/main.c:706:6:LED_Blinking	1
../Core/Src/main.c:724:6:UserButton_Callback	2
../Core/Src/main.c:742:6:USART_TXEmpty_Callback	2
../Core/Src/main.c:762:6:USART_CharTransmitComplete_Callback	2
../Core/Src/main.c:781:6:Error_Callback	2
../Core/Src/main.c:814:6:Error_Handler	1
